PLATFORM                        = $0001 ; const, local, , mainmsx1, , mainmsx1.asm:0
PRN_STAT                        = $0001 ; const, local, , mainmsx1, , hardware.asm:39
PRN_DATA                        = $0001 ; const, local, , mainmsx1, , hardware.asm:40
PSL_STAT                        = $0001 ; const, local, , mainmsx1, , hardware.asm:42
GIO_REGS                        = $0001 ; const, local, , mainmsx1, , hardware.asm:44
PPI_REGS                        = $0001 ; const, local, , mainmsx1, , hardware.asm:45
VDP_DATA                        = $00A0 ; const, local, , mainmsx1, , hardware.asm:76
VDP_ADDR                        = $00A1 ; const, local, , mainmsx1, , hardware.asm:77
VDP_STAT                        = $00A1 ; const, local, , mainmsx1, , hardware.asm:78
VDP_ACR                         = $00A6 ; const, local, , mainmsx1, , hardware.asm:79
PSG_REGS                        = $00A4 ; const, local, , mainmsx1, , hardware.asm:90
PSG_DATA                        = $00A5 ; const, local, , mainmsx1, , hardware.asm:91
PSG_STAT                        = $00A4 ; const, local, , mainmsx1, , hardware.asm:92
UART0                           = $0058 ; const, local, , mainmsx1, , hardware.asm:105
UART5                           = $005D ; const, local, , mainmsx1, , hardware.asm:110
V9958                           = $9958 ; const, local, , mainmsx1, , hardware.asm:141
MODEL_MSX1                      = $0000 ; const, local, , mainmsx1, , hardware.asm:144
LOCAL_CHSET_US                  = $0001 ; const, local, , mainmsx1, , hardware.asm:154
LOCAL_DATE_MDY                  = $0010 ; const, local, , mainmsx1, , hardware.asm:158
LOCAL_INT_60HZ                  = $0000 ; const, local, , mainmsx1, , hardware.asm:161
LOCAL_KBD_US                    = $0001 ; const, local, , mainmsx1, , hardware.asm:166
LOCAL_BASIC_US                  = $0001 ; const, local, , mainmsx1, , hardware.asm:172
KB_USE_SERIAL                   = $0001 ; const, local, , mainmsx1, , hardware.asm:174
KB_USE_PS2                      = $0000 ; const, local, , mainmsx1, , hardware.asm:175
NO                              = $0000 ; const, local, , mainmsx1, , hardware.asm:179
MODEL_MSX                       = $0000 ; const, local, , mainmsx1, , mainmsx1.asm:34
LOCALE_CHSET                    = $0001 ; const, local, , mainmsx1, , mainmsx1.asm:40
LOCALE_DATE                     = $0010 ; const, local, , mainmsx1, , mainmsx1.asm:41
LOCALE_INT                      = $0000 ; const, local, , mainmsx1, , mainmsx1.asm:42
LOCALE_KBD                      = $0001 ; const, local, , mainmsx1, , mainmsx1.asm:43
LOCALE_BASIC                    = $0001 ; const, local, , mainmsx1, , mainmsx1.asm:44
LINL40                          = $F3AE ; const, local, , mainmsx1, , systemva.asm:51
LINL32                          = $F3AF ; const, local, , mainmsx1, , systemva.asm:54
LINLEN                          = $F3B0 ; const, local, , mainmsx1, , systemva.asm:57
CRTCNT                          = $F3B1 ; const, local, , mainmsx1, , systemva.asm:60
TXTNAM                          = $F3B3 ; const, local, , mainmsx1, , systemva.asm:67
TXTCGP                          = $F3B7 ; const, local, , mainmsx1, , systemva.asm:74
TXTATR                          = $F3B9 ; const, local, , mainmsx1, , systemva.asm:78
TXTPAT                          = $F3BB ; const, local, , mainmsx1, , systemva.asm:82
T32NAM                          = $F3BD ; const, local, , mainmsx1, , systemva.asm:86
T32COL                          = $F3BF ; const, local, , mainmsx1, , systemva.asm:89
T32CGP                          = $F3C1 ; const, local, , mainmsx1, , systemva.asm:93
T32ATR                          = $F3C3 ; const, local, , mainmsx1, , systemva.asm:97
T32PAT                          = $F3C5 ; const, local, , mainmsx1, , systemva.asm:101
GRPNAM                          = $F3C7 ; const, local, , mainmsx1, , systemva.asm:105
GRPCOL                          = $F3C9 ; const, local, , mainmsx1, , systemva.asm:108
GRPCGP                          = $F3CB ; const, local, , mainmsx1, , systemva.asm:112
GRPATR                          = $F3CD ; const, local, , mainmsx1, , systemva.asm:116
GRPPAT                          = $F3CF ; const, local, , mainmsx1, , systemva.asm:120
MLTNAM                          = $F3D1 ; const, local, , mainmsx1, , systemva.asm:124
MLTCGP                          = $F3D5 ; const, local, , mainmsx1, , systemva.asm:132
MLTATR                          = $F3D7 ; const, local, , mainmsx1, , systemva.asm:136
MLTPAT                          = $F3D9 ; const, local, , mainmsx1, , systemva.asm:140
CSRY                            = $F3DC ; const, local, , mainmsx1, , systemva.asm:148
CSRX                            = $F3DD ; const, local, , mainmsx1, , systemva.asm:152
RG0SAV                          = $F3DF ; const, local, , mainmsx1, , systemva.asm:161
RG1SAV                          = $F3E0 ; const, local, , mainmsx1, , systemva.asm:162
STATFL                          = $F3E7 ; const, local, , mainmsx1, , systemva.asm:170
TRGFLG                          = $F3E8 ; const, local, , mainmsx1, , systemva.asm:179
FORCLR                          = $F3E9 ; const, local, , mainmsx1, , systemva.asm:182
BAKCLR                          = $F3EA ; const, local, , mainmsx1, , systemva.asm:185
BDRCLR                          = $F3EB ; const, local, , mainmsx1, , systemva.asm:188
ATRBYT                          = $F3F2 ; const, local, , mainmsx1, , systemva.asm:200
QUEUES                          = $F3F3 ; const, local, , mainmsx1, , systemva.asm:205
SCNCNT                          = $F3F6 ; const, local, , mainmsx1, , systemva.asm:212
PUTPNT                          = $F3F8 ; const, local, , mainmsx1, , systemva.asm:223
GETPNT                          = $F3FA ; const, local, , mainmsx1, , systemva.asm:228
LPTPOS                          = $F415 ; const, local, , mainmsx1, , systemva.asm:284
BUF                             = $F55E ; const, local, , mainmsx1, , systemva.asm:333
ENDBUF                          = $F660 ; const, local, , mainmsx1, , systemva.asm:347
TTYPOS                          = $F661 ; const, local, , mainmsx1, , systemva.asm:350
STKTOP                          = $F674 ; const, local, , mainmsx1, , systemva.asm:406
TEMP                            = $F6A7 ; const, local, , mainmsx1, , systemva.asm:451
AUTFLG                          = $F6AA ; const, local, , mainmsx1, , systemva.asm:459
TEMP2                           = $F6BC ; const, local, , mainmsx1, , systemva.asm:496
PTRFIL                          = $F864 ; const, local, , mainmsx1, , systemva.asm:614
CGPNT                           = $F91F ; const, local, , mainmsx1, , systemva.asm:654
NAMBAS                          = $F922 ; const, local, , mainmsx1, , systemva.asm:657
CGPBAS                          = $F924 ; const, local, , mainmsx1, , systemva.asm:660
PATBAS                          = $F926 ; const, local, , mainmsx1, , systemva.asm:663
ATRBAS                          = $F928 ; const, local, , mainmsx1, , systemva.asm:666
CLOC                            = $F92A ; const, local, , mainmsx1, , systemva.asm:670
CMASK                           = $F92C ; const, local, , mainmsx1, , systemva.asm:674
QUETAB                          = $F959 ; const, local, , mainmsx1, , systemva.asm:793
VOICAQ                          = $F975 ; const, local, , mainmsx1, , systemva.asm:799
VOICBQ                          = $F9F5 ; const, local, , mainmsx1, , systemva.asm:800
VOICCQ                          = $FA75 ; const, local, , mainmsx1, , systemva.asm:801
ACPAGE                          = $FAF6 ; const, local, , mainmsx1, , systemva.asm:806
VOICEN                          = $FB38 ; const, local, , mainmsx1, , systemva.asm:849
VCBA                            = $FB41 ; const, local, , mainmsx1, , systemva.asm:873
LINTTB                          = $FBB2 ; const, local, , mainmsx1, , systemva.asm:917
FSTPOS                          = $FBCA ; const, local, , mainmsx1, , systemva.asm:921
CURSAV                          = $FBCC ; const, local, , mainmsx1, , systemva.asm:925
CLIKFL                          = $FBD9 ; const, local, , mainmsx1, , systemva.asm:941
OLDKEY                          = $FBDA ; const, local, , mainmsx1, , systemva.asm:944
KEYBUF                          = $FBF0 ; const, local, , mainmsx1, , systemva.asm:950
LINWRK                          = $FC18 ; const, local, , mainmsx1, , systemva.asm:955
PATWRK                          = $FC40 ; const, local, , mainmsx1, , systemva.asm:959
BOTTOM                          = $FC48 ; const, local, , mainmsx1, , systemva.asm:963
HIMEM                           = $FC4A ; const, local, , mainmsx1, , systemva.asm:968
JIFFY                           = $FC9E ; const, local, , mainmsx1, , systemva.asm:1014
GRPHED                          = $FCA6 ; const, local, , mainmsx1, , systemva.asm:1033
ESCCNT                          = $FCA7 ; const, local, , mainmsx1, , systemva.asm:1044
INSFLG                          = $FCA8 ; const, local, , mainmsx1, , systemva.asm:1049
CSRSW                           = $FCA9 ; const, local, , mainmsx1, , systemva.asm:1053
CSTYLE                          = $FCAA ; const, local, , mainmsx1, , systemva.asm:1058
SCRMOD                          = $FCAF ; const, local, , mainmsx1, , systemva.asm:1083
OLDSCR                          = $FCB0 ; const, local, , mainmsx1, , systemva.asm:1084
GRPACX                          = $FCB7 ; const, local, , mainmsx1, , systemva.asm:1089
GRPACY                          = $FCB9 ; const, local, , mainmsx1, , systemva.asm:1090
EXPTBL                          = $FCC1 ; const, local, , mainmsx1, , systemva.asm:1102
DEVICE                          = $FD99 ; const, local, , mainmsx1, , systemva.asm:1130
H_KEYI                          = $FD9A ; const, local, , mainmsx1, , hooks.asm:33
H_TIMI                          = $FD9F ; const, local, , mainmsx1, , hooks.asm:37
H_CHPU                          = $FDA4 ; const, local, , mainmsx1, , hooks.asm:40
H_TOTE                          = $FDBD ; const, local, , mainmsx1, , hooks.asm:55
H_CHGE                          = $FDC2 ; const, local, , mainmsx1, , hooks.asm:58
H_NMI                           = $FDD6 ; const, local, , mainmsx1, , hooks.asm:74
H_PINL                          = $FDDB ; const, local, , mainmsx1, , hooks.asm:77
H_QINL                          = $FDE0 ; const, local, , mainmsx1, , hooks.asm:80
H_RUNC                          = $FECB ; const, local, , mainmsx1, , hooks.asm:223
H_STKE                          = $FEDA ; const, local, , mainmsx1, , hooks.asm:232
H_OUTD                          = $FEE4 ; const, local, , mainmsx1, , hooks.asm:238
H_CHRG                          = $FF48 ; const, local, , mainmsx1, , hooks.asm:298
H_PHYD                          = $FFA7 ; const, local, , mainmsx1, , hooks.asm:355
H_FORM                          = $FFAC ; const, local, , mainmsx1, , hooks.asm:358
H_LPTO                          = $FFB6 ; const, local, , mainmsx1, , hooks.asm:364
H_LPTS                          = $FFBB ; const, local, , mainmsx1, , hooks.asm:367
COMPILE_FONT                    = $0001 ; const, local, , mainmsx1, , main.asm:58
chkram                          = $0D12 ; addr, local, , mainmsx1, , main.asm:592
B_Font                          = $1BBF ; addr, local, , mainmsx1, , font.asm:28
vdp_dr                          = $0006 ; addr, local, , mainmsx1, , main.asm:77
vdp_dw                          = $0007 ; addr, local, , mainmsx1, , main.asm:80
synchr                          = $0F14 ; addr, local, , mainmsx1, , main.asm:1029
rdslt                           = $23BF ; addr, local, , mainmsx1, , slot.asm:15
chrgtr                          = $0F23 ; addr, local, , mainmsx1, , main.asm:1049
wrslt                           = $2404 ; addr, local, , mainmsx1, , slot.asm:75
outdo                           = $0F3F ; addr, local, , mainmsx1, , main.asm:1079
calslt                          = $2405 ; addr, local, , mainmsx1, , slot.asm:87
dcompr                          = $0F45 ; addr, local, , mainmsx1, , main.asm:1090
enaslt                          = $2406 ; addr, local, , mainmsx1, , slot.asm:102
getypr                          = $0F4B ; addr, local, , mainmsx1, , main.asm:1110
iDByt1                          = $002B ; addr, local, , mainmsx1, , main.asm:121
iDByt2                          = $002C ; addr, local, , mainmsx1, , main.asm:132
romid                           = $002D ; addr, local, , mainmsx1, , main.asm:143
callf                           = $0F5A ; addr, local, , mainmsx1, , main.asm:1123
keyint                          = $1738 ; addr, local, , mainmsx1, , main.asm:2193
initio                          = $0F6F ; addr, local, , mainmsx1, , main.asm:1146
inifnk                          = $0F79 ; addr, local, , mainmsx1, , main.asm:1162
disscr                          = $0216 ; addr, local, , mainmsx1, , video.asm:37
enascr                          = $0222 ; addr, local, , mainmsx1, , video.asm:49
wrtvdp                          = $022E ; addr, local, , mainmsx1, , video.asm:64
rdvrm                           = $0245 ; addr, local, , mainmsx1, , video.asm:91
wrtvrm                          = $024B ; addr, local, , mainmsx1, , video.asm:103
setrd                           = $0253 ; addr, local, , mainmsx1, , video.asm:115
setwrt                          = $025E ; addr, local, , mainmsx1, , video.asm:131
filvrm                          = $026B ; addr, local, , mainmsx1, , video.asm:154
ldirmv                          = $0280 ; addr, local, , mainmsx1, , video.asm:186
ldirvm                          = $0297 ; addr, local, , mainmsx1, , video.asm:214
chgmod                          = $02AF ; addr, local, , mainmsx1, , video.asm:241
chgclr                          = $02D6 ; addr, local, , mainmsx1, , video.asm:280
nmi                             = $178B ; addr, local, , mainmsx1, , main.asm:2282
clrspr                          = $0320 ; addr, local, , mainmsx1, , video.asm:338
initxt                          = $037F ; addr, local, , mainmsx1, , video.asm:416
init32                          = $03BF ; addr, local, , mainmsx1, , video.asm:460
inigrp                          = $0402 ; addr, local, , mainmsx1, , video.asm:501
inimlt                          = $0440 ; addr, local, , mainmsx1, , video.asm:543
settxt                          = $048C ; addr, local, , mainmsx1, , video.asm:595
sett32                          = $04B4 ; addr, local, , mainmsx1, , video.asm:632
setgrp                          = $04E3 ; addr, local, , mainmsx1, , video.asm:669
setmlt                          = $0516 ; addr, local, , mainmsx1, , video.asm:707
calpat                          = $056C ; addr, local, , mainmsx1, , video.asm:797
calatr                          = $057F ; addr, local, , mainmsx1, , video.asm:818
gspsiz                          = $0589 ; addr, local, , mainmsx1, , video.asm:833
grpprt                          = $0594 ; addr, local, , mainmsx1, , video.asm:853
gicini                          = $1561 ; addr, local, , mainmsx1, , main.asm:1647
wrtpsg                          = $1579 ; addr, local, , mainmsx1, , main.asm:1668
rdpsg                           = $1583 ; addr, local, , mainmsx1, , main.asm:1683
strtms                          = $0F88 ; addr, local, , mainmsx1, , main.asm:1179
chsns                           = $0F97 ; addr, local, , mainmsx1, , main.asm:1196
chget                           = $0FAA ; addr, local, , mainmsx1, , main.asm:1217
chput                           = $0FCF ; addr, local, , mainmsx1, , chput.asm:33
lptout                          = $12F4 ; addr, local, , mainmsx1, , main.asm:1262
lptstt                          = $131E ; addr, local, , mainmsx1, , main.asm:1300
cnvchr                          = $132C ; addr, local, , mainmsx1, , main.asm:1324
pinlin                          = $1351 ; addr, local, , mainmsx1, , inlin.asm:34
inlin                           = $136F ; addr, local, , mainmsx1, , inlin.asm:64
qinlin                          = $1366 ; addr, local, , mainmsx1, , inlin.asm:51
breakx                          = $1479 ; addr, local, , mainmsx1, , main.asm:1368
iscntc                          = $1489 ; addr, local, , mainmsx1, , main.asm:1392
ckcntc                          = $1498 ; addr, local, , mainmsx1, , main.asm:1406
beep                            = $149B ; addr, local, , mainmsx1, , main.asm:1414
cls_z                           = $07AB ; addr, local, , mainmsx1, , video.asm:1334
posit                           = $14A8 ; addr, local, , mainmsx1, , main.asm:1433
fnksb                           = $14AC ; addr, local, , mainmsx1, , main.asm:1445
erafnk                          = $14BA ; addr, local, , mainmsx1, , main.asm:1462
dspfnk                          = $14C9 ; addr, local, , mainmsx1, , main.asm:1480
totext                          = $14D8 ; addr, local, , mainmsx1, , main.asm:1497
gtstck                          = $15AA ; addr, local, , mainmsx1, , main.asm:1788
gttrig                          = $165F ; addr, local, , mainmsx1, , main.asm:1926
gtpad                           = $16AD ; addr, local, , mainmsx1, , main.asm:1997
gtpdl                           = $16BC ; addr, local, , mainmsx1, , main.asm:2016
tapion                          = $14EB ; addr, local, , mainmsx1, , main.asm:1513
tapin                           = $14FB ; addr, local, , mainmsx1, , main.asm:1532
tapiof                          = $150A ; addr, local, , mainmsx1, , main.asm:1549
tapoon                          = $1519 ; addr, local, , mainmsx1, , main.asm:1567
tapout                          = $1529 ; addr, local, , mainmsx1, , main.asm:1587
tapoof                          = $1539 ; addr, local, , mainmsx1, , main.asm:1604
stmotr                          = $1548 ; addr, local, , mainmsx1, , main.asm:1621
lftq                            = $16CA ; addr, local, , mainmsx1, , main.asm:2033
putq                            = $16D9 ; addr, local, , mainmsx1, , main.asm:2054
rightc                          = $083A ; addr, local, , mainmsx1, , video.asm:1439
leftc                           = $0849 ; addr, local, , mainmsx1, , video.asm:1455
upc                             = $0857 ; addr, local, , mainmsx1, , video.asm:1471
tupc                            = $0863 ; addr, local, , mainmsx1, , video.asm:1488
downc                           = $0870 ; addr, local, , mainmsx1, , video.asm:1504
tdownc                          = $087E ; addr, local, , mainmsx1, , video.asm:1521
scalxy                          = $088D ; addr, local, , mainmsx1, , video.asm:1536
mapxy                           = $089D ; addr, local, , mainmsx1, , video.asm:1549
fetchc                          = $08D8 ; addr, local, , mainmsx1, , video.asm:1592
storec                          = $08E6 ; addr, local, , mainmsx1, , video.asm:1605
setatr                          = $08F5 ; addr, local, , mainmsx1, , video.asm:1620
readc                           = $0904 ; addr, local, , mainmsx1, , video.asm:1635
setc                            = $0912 ; addr, local, , mainmsx1, , video.asm:1650
nsetcx                          = $091F ; addr, local, , mainmsx1, , video.asm:1665
gtaspc                          = $092E ; addr, local, , mainmsx1, , video.asm:1682
pntini                          = $093D ; addr, local, , mainmsx1, , video.asm:1697
scanr                           = $094C ; addr, local, , mainmsx1, , video.asm:1712
scanl                           = $095A ; addr, local, , mainmsx1, , video.asm:1727
chgcap                          = $1707 ; addr, local, , mainmsx1, , main.asm:2110
chgsnd                          = $1588 ; addr, local, , mainmsx1, , main.asm:1693
rslreg                          = $1591 ; addr, local, , mainmsx1, , main.asm:1712
wslreg                          = $1594 ; addr, local, , mainmsx1, , main.asm:1720
rdvdp                           = $1597 ; addr, local, , mainmsx1, , main.asm:1729
snsmat                          = $159A ; addr, local, , mainmsx1, , main.asm:1739
phydio                          = $159D ; addr, local, , mainmsx1, , main.asm:1755
format                          = $15A1 ; addr, local, , mainmsx1, , main.asm:1765
isflio                          = $15A5 ; addr, local, , mainmsx1, , main.asm:1776
outdlp                          = $1708 ; addr, local, , mainmsx1, , main.asm:2125
getvcp                          = $1717 ; addr, local, , mainmsx1, , main.asm:2146
getvc2                          = $171B ; addr, local, , mainmsx1, , main.asm:2157
kilbuf                          = $1731 ; addr, local, , mainmsx1, , main.asm:2180
calbas                          = $17DA ; addr, local, , mainmsx1, , main.asm:2385
jump_table                      = $0200 ; addr, local, , mainmsx1, , util.asm:32
table_jump                      = $0211 ; addr, local, , mainmsx1, , util.asm:56
search_table                    = $0208 ; addr, local, , mainmsx1, , util.asm:48
wrtvdp_sav                      = $023E ; addr, local, , mainmsx1, , video.asm:76
wrtvdp_nosav                    = $0243 ; addr, local, , mainmsx1, , video.asm:81
filvrm_lp                       = $0276 ; addr, local, , mainmsx1, , video.asm:168
ldirmv_lp                       = $0284 ; addr, local, , mainmsx1, , video.asm:190
ldirvm_lp                       = $029C ; addr, local, , mainmsx1, , video.asm:218
chgmod_tbl                      = $02B8 ; addr, local, , mainmsx1, , video.asm:247
chgmod_finish                   = $02C0 ; addr, local, , mainmsx1, , video.asm:254
chgmod_finish_lp                = $02C9 ; addr, local, , mainmsx1, , video.asm:262
chgclr_sc8                      = $0317 ; addr, local, , mainmsx1, , video.asm:326
cclr_lp                         = $030C ; addr, local, , mainmsx1, , video.asm:315
clrspr_attr                     = $034A ; addr, local, , mainmsx1, , video.asm:369
clrspr_col_skip                 = $033F ; addr, local, , mainmsx1, , video.asm:358
bigfil                          = $06CD ; addr, local, , mainmsx1, , video.asm:1114
clrspr_attr_spritemode1         = $0355 ; addr, local, , mainmsx1, , video.asm:380
clrspr_attr_spritemode2         = $0351 ; addr, local, , mainmsx1, , video.asm:375
clrspr_attr_spritemode_start    = $0357 ; addr, local, , mainmsx1, , video.asm:383
clrspr_attr_lp                  = $0365 ; addr, local, , mainmsx1, , video.asm:390
clrspr_attr_8                   = $0378 ; addr, local, , mainmsx1, , video.asm:403
init_font                       = $079E ; addr, local, , mainmsx1, , video.asm:1317
cls_screen0                     = $07C3 ; addr, local, , mainmsx1, , video.asm:1351
cls_screen1                     = $07D2 ; addr, local, , mainmsx1, , video.asm:1359
inigrp_lp                       = $041A ; addr, local, , mainmsx1, , video.asm:516
cls_screen2                     = $07EE ; addr, local, , mainmsx1, , video.asm:1375
inimlt_loop1                    = $0458 ; addr, local, , mainmsx1, , video.asm:558
inimlt_loop2                    = $045B ; addr, local, , mainmsx1, , video.asm:561
inimlt_loop3                    = $045E ; addr, local, , mainmsx1, , video.asm:564
cls_screen3                     = $0804 ; addr, local, , mainmsx1, , video.asm:1388
set_base_address                = $0547 ; addr, local, , mainmsx1, , video.asm:749
set_base_address_table          = $0565 ; addr, local, , mainmsx1, , video.asm:788
set_base_address_loop           = $0555 ; addr, local, , mainmsx1, , video.asm:768
calpat_8                        = $0579 ; addr, local, , mainmsx1, , video.asm:807
grpprt_control                  = $05A6 ; addr, local, , mainmsx1, , video.asm:870
grpprt_sc2                      = $05C2 ; addr, local, , mainmsx1, , video.asm:896
grpprt_sc5                      = $05C0 ; addr, local, , mainmsx1, , video.asm:889
grpprt_end                      = $05A4 ; addr, local, , mainmsx1, , video.asm:866
getpat                          = $0818 ; addr, local, , mainmsx1, , video.asm:1409
grpprt_chr_x                    = $060F ; addr, local, , mainmsx1, , video.asm:947
grpprt_chr                      = $0698 ; addr, local, , mainmsx1, , video.asm:1054
grpprt_skip_hr                  = $063C ; addr, local, , mainmsx1, , video.asm:973
grpprt_attr                     = $0645 ; addr, local, , mainmsx1, , video.asm:985
grpprt_attr_black               = $0671 ; addr, local, , mainmsx1, , video.asm:1022
grpprt_attr_nomatch             = $0678 ; addr, local, , mainmsx1, , video.asm:1031
grpprt_attr_end                 = $066C ; addr, local, , mainmsx1, , video.asm:1016
grpprt_attr_blk_end             = $0672 ; addr, local, , mainmsx1, , video.asm:1024
grpprt_attr_make_black          = $068F ; addr, local, , mainmsx1, , video.asm:1045
grpprt_lp                       = $06A0 ; addr, local, , mainmsx1, , video.asm:1064
grpprt_sft_lp                   = $06A9 ; addr, local, , mainmsx1, , video.asm:1070
grpprt_sft_ed                   = $06AF ; addr, local, , mainmsx1, , video.asm:1075
grpprt_text                     = $06C0 ; addr, local, , mainmsx1, , video.asm:1092
chknew                          = $06C7 ; addr, local, , mainmsx1, , video.asm:1100
nsetwr                          = $06EC ; addr, local, , mainmsx1, , video.asm:1159
bigfil_lp                       = $06D9 ; addr, local, , mainmsx1, , video.asm:1125
nsetrd                          = $06E2 ; addr, local, , mainmsx1, , video.asm:1142
nset_addr                       = $06F8 ; addr, local, , mainmsx1, , video.asm:1168
nset_32k                        = $070E ; addr, local, , mainmsx1, , video.asm:1180
nrdvrm                          = $0728 ; addr, local, , mainmsx1, , video.asm:1211
nwrvrm                          = $072E ; addr, local, , mainmsx1, , video.asm:1224
vdpsta                          = $0736 ; addr, local, , mainmsx1, , video.asm:1241
init_vdp                        = $074A ; addr, local, , mainmsx1, , video.asm:1264
cls                             = $07AC ; addr, local, , mainmsx1, , video.asm:1336
cls_table                       = $07BB ; addr, local, , mainmsx1, , video.asm:1345
cls_text                        = $07D5 ; addr, local, , mainmsx1, , video.asm:1362
chput_ctrl_home                 = $1060 ; addr, local, , mainmsx1, , chput.asm:132
getpat_loop                     = $0828 ; addr, local, , mainmsx1, , video.asm:1419
rightc_text                     = $0842 ; addr, local, , mainmsx1, , video.asm:1447
leftc_text                      = $0851 ; addr, local, , mainmsx1, , video.asm:1463
upc_text                        = $085F ; addr, local, , mainmsx1, , video.asm:1479
tupc_text                       = $086B ; addr, local, , mainmsx1, , video.asm:1496
downc_text                      = $0878 ; addr, local, , mainmsx1, , video.asm:1512
tdownc_text                     = $0886 ; addr, local, , mainmsx1, , video.asm:1529
scalxy_text                     = $0896 ; addr, local, , mainmsx1, , video.asm:1540
mapxy_mask_ed                   = $08C6 ; addr, local, , mainmsx1, , video.asm:1574
mapxy_mask_lp                   = $08BF ; addr, local, , mainmsx1, , video.asm:1569
mapxy_text                      = $08D2 ; addr, local, , mainmsx1, , video.asm:1584
fetchc_text                     = $08DF ; addr, local, , mainmsx1, , video.asm:1596
storec_text                     = $08EE ; addr, local, , mainmsx1, , video.asm:1613
setatr_text                     = $08FD ; addr, local, , mainmsx1, , video.asm:1628
readc_text                      = $090C ; addr, local, , mainmsx1, , video.asm:1643
setc_text                       = $091A ; addr, local, , mainmsx1, , video.asm:1658
nsetcx_text                     = $0927 ; addr, local, , mainmsx1, , video.asm:1673
gtaspc_text                     = $0936 ; addr, local, , mainmsx1, , video.asm:1690
pntini_text                     = $0945 ; addr, local, , mainmsx1, , video.asm:1705
scanr_text                      = $0954 ; addr, local, , mainmsx1, , video.asm:1720
scanl_text                      = $0962 ; addr, local, , mainmsx1, , video.asm:1735
init_ram                        = $0D92 ; addr, local, , mainmsx1, , main.asm:759
str_proginfo                    = $2407 ; addr, local, , mainmsx1, , main.asm:2463
prn_text                        = $0EB5 ; addr, local, , mainmsx1, , main.asm:922
search_roms                     = $0D65 ; addr, local, , mainmsx1, , main.asm:660
str_nocart                      = $245C ; addr, local, , mainmsx1, , main.asm:2484
hang_up_mode                    = $17CF ; addr, local, , mainmsx1, , main.asm:2369
search_roms_8k                  = $0D80 ; addr, local, , mainmsx1, , main.asm:670
search_roms_4k                  = $0D89 ; addr, local, , mainmsx1, , main.asm:676
wait_b                          = $0EB1 ; addr, local, , mainmsx1, , main.asm:913
prn_text_graph                  = $0EC5 ; addr, local, , mainmsx1, , main.asm:933
prn_text_char                   = $0EBC ; addr, local, , mainmsx1, , main.asm:926
extrom                          = $17CE ; addr, local, , mainmsx1, , main.asm:2363
text_bytes_per_line             = $0ED2 ; addr, local, , mainmsx1, , main.asm:947
curs2hl                         = $0EE4 ; addr, local, , mainmsx1, , main.asm:964
curs2hl_mult_loop               = $0F00 ; addr, local, , mainmsx1, , main.asm:991
curs2hl_mult_skip               = $0F05 ; addr, local, , mainmsx1, , main.asm:995
synchr_text                     = $0F1C ; addr, local, , mainmsx1, , main.asm:1037
chrgtr_lp                       = $0F26 ; addr, local, , mainmsx1, , main.asm:1051
chrgtr_no_digit                 = $0F35 ; addr, local, , mainmsx1, , main.asm:1064
getypr_text                     = $0F53 ; addr, local, , mainmsx1, , main.asm:1118
inifnk_text                     = $0F81 ; addr, local, , mainmsx1, , main.asm:1170
strtms_text                     = $0F90 ; addr, local, , mainmsx1, , main.asm:1187
chsns_inbuf                     = $0FA7 ; addr, local, , mainmsx1, , main.asm:1206
chget_wait                      = $0FAF ; addr, local, , mainmsx1, , main.asm:1221
chget_char                      = $0FBD ; addr, local, , mainmsx1, , main.asm:1229
chget_nowrap                    = $0FC8 ; addr, local, , mainmsx1, , main.asm:1241
chput_exit                      = $0FF0 ; addr, local, , mainmsx1, , chput.asm:51
chput_remove_cursor             = $121F ; addr, local, , mainmsx1, , chput.asm:486
chput_decode_char               = $0FF5 ; addr, local, , mainmsx1, , chput.asm:59
chput_restore_cursor            = $1234 ; addr, local, , mainmsx1, , chput.asm:499
chput_putchar                   = $100D ; addr, local, , mainmsx1, , chput.asm:74
chput_escape                    = $10D8 ; addr, local, , mainmsx1, , chput.asm:227
chput_ctrl_search               = $1032 ; addr, local, , mainmsx1, , chput.asm:98
chput_erase                     = $1211 ; addr, local, , mainmsx1, , chput.asm:477
chput_continue_line             = $1021 ; addr, local, , mainmsx1, , chput.asm:86
chput_ctrl_cr                   = $1087 ; addr, local, , mainmsx1, , chput.asm:163
chput_ctrl_lf                   = $1049 ; addr, local, , mainmsx1, , chput.asm:114
chput_ctrl_table                = $12A3 ; addr, local, , mainmsx1, , chput.asm:567
chput_ctrl_tab                  = $103A ; addr, local, , mainmsx1, , chput.asm:104
chput_ctrl_lf_done              = $105C ; addr, local, , mainmsx1, , chput.asm:127
chput_esc_m                     = $11AB ; addr, local, , mainmsx1, , chput.asm:392
chput_esc_h                     = $1060 ; addr, local, , mainmsx1, , chput.asm:133
chput_ctrl_ff                   = $07AC ; addr, local, , mainmsx1, , chput.asm:139
chput_esc_e                     = $07AC ; addr, local, , mainmsx1, , chput.asm:140
chput_esc_j                     = $07AC ; addr, local, , mainmsx1, , chput.asm:141
chput_esc_jj                    = $1067 ; addr, local, , mainmsx1, , chput.asm:144
chput_esc_k                     = $1149 ; addr, local, , mainmsx1, , chput.asm:329
chput_esc_jj_loop               = $1071 ; addr, local, , mainmsx1, , chput.asm:149
chput_esc_jj_done               = $1082 ; addr, local, , mainmsx1, , chput.asm:157
chput_ctrl_esc                  = $108D ; addr, local, , mainmsx1, , chput.asm:169
chput_ctrl_right                = $1093 ; addr, local, , mainmsx1, , chput.asm:175
chput_ctrl_right_next           = $109F ; addr, local, , mainmsx1, , chput.asm:182
chput_right_left_ok             = $10BE ; addr, local, , mainmsx1, , chput.asm:202
chput_ctrl_bs                   = $10AD ; addr, local, , mainmsx1, , chput.asm:192
chput_ctrl_left                 = $10AD ; addr, local, , mainmsx1, , chput.asm:193
chput_ctrl_up                   = $10C2 ; addr, local, , mainmsx1, , chput.asm:207
chput_esc_a                     = $10C2 ; addr, local, , mainmsx1, , chput.asm:208
chput_ctrl_down                 = $10CB ; addr, local, , mainmsx1, , chput.asm:216
chput_esc_b                     = $10CB ; addr, local, , mainmsx1, , chput.asm:217
chput_escape_1                  = $10E8 ; addr, local, , mainmsx1, , chput.asm:237
chput_esc_table                 = $12C7 ; addr, local, , mainmsx1, , chput.asm:594
chput_escape_2                  = $10EF ; addr, local, , mainmsx1, , chput.asm:245
chput_esc_xy                    = $10F3 ; addr, local, , mainmsx1, , chput.asm:251
chput_escape_3                  = $1109 ; addr, local, , mainmsx1, , chput.asm:266
chput_esc_xy_4                  = $10FD ; addr, local, , mainmsx1, , chput.asm:257
chput_esc_xy_5                  = $1103 ; addr, local, , mainmsx1, , chput.asm:261
chput_escape_reset              = $112B ; addr, local, , mainmsx1, , chput.asm:300
chput_escape_4                  = $1113 ; addr, local, , mainmsx1, , chput.asm:275
chput_escape_set                = $112C ; addr, local, , mainmsx1, , chput.asm:302
chput_esc_x                     = $111F ; addr, local, , mainmsx1, , chput.asm:286
chput_esc_y                     = $1123 ; addr, local, , mainmsx1, , chput.asm:291
chput_esc_yy                    = $1127 ; addr, local, , mainmsx1, , chput.asm:296
chput_esc_c                     = $1130 ; addr, local, , mainmsx1, , chput.asm:307
chput_esc_d                     = $113D ; addr, local, , mainmsx1, , chput.asm:317
chput_esc_l                     = $1146 ; addr, local, , mainmsx1, , chput.asm:325
chput_esc_ll                    = $1167 ; addr, local, , mainmsx1, , chput.asm:349
chput_esc_ll_loop_end           = $118B ; addr, local, , mainmsx1, , chput.asm:369
chput_esc_ll_loop               = $117D ; addr, local, , mainmsx1, , chput.asm:362
chput_copy_line                 = $11E9 ; addr, local, , mainmsx1, , chput.asm:433
chput_esc_m_loop_end            = $11CC ; addr, local, , mainmsx1, , chput.asm:411
chput_esc_m_loop                = $11BE ; addr, local, , mainmsx1, , chput.asm:404
chput_copy_line_copy            = $11F7 ; addr, local, , mainmsx1, , chput.asm:456
chput_restore_cursor_t32        = $1265 ; addr, local, , mainmsx1, , chput.asm:528
chput_restore_cursor_getpattern = $1268 ; addr, local, , mainmsx1, , chput.asm:531
chput_restore_cursor_ins        = $1281 ; addr, local, , mainmsx1, , chput.asm:544
chput_restore_cursor_invert     = $1286 ; addr, local, , mainmsx1, , chput.asm:548
lptout_wait                     = $12F8 ; addr, local, , mainmsx1, , main.asm:1265
lptout_abort                    = $1305 ; addr, local, , mainmsx1, , main.asm:1273
lptout_write                    = $1311 ; addr, local, , mainmsx1, , main.asm:1282
lptstt_end                      = $132A ; addr, local, , mainmsx1, , main.asm:1308
cnvchr_handlegfx                = $133E ; addr, local, , mainmsx1, , main.asm:1340
cnvchr_normal                   = $134E ; addr, local, , mainmsx1, , main.asm:1353
cnvchr_normal_exit              = $134F ; addr, local, , mainmsx1, , main.asm:1355
cnvchr_nogfx                    = $134C ; addr, local, , mainmsx1, , main.asm:1350
qinlin_prompt                   = $1363 ; addr, local, , mainmsx1, , inlin.asm:49
inlin_LOOP1                     = $1378 ; addr, local, , mainmsx1, , inlin.asm:68
inlin_loop                      = $1386 ; addr, local, , mainmsx1, , inlin.asm:76
inlin_del                       = $1438 ; addr, local, , mainmsx1, , inlin.asm:216
inlin_printable                 = $13A3 ; addr, local, , mainmsx1, , inlin.asm:93
inlin_table                     = $1439 ; addr, local, , mainmsx1, , inlin.asm:221
inlin_insert                    = $13C0 ; addr, local, , mainmsx1, , inlin.asm:110
inlin_cr                        = $1423 ; addr, local, , mainmsx1, , inlin.asm:188
inlin_insert_loop               = $13CE ; addr, local, , mainmsx1, , inlin.asm:118
inlin_insert_cont               = $13FD ; addr, local, , mainmsx1, , inlin.asm:146
inlin_insert_cont1              = $13FB ; addr, local, , mainmsx1, , inlin.asm:144
inlin_wback                     = $1408 ; addr, local, , mainmsx1, , inlin.asm:155
inlin_break                     = $1409 ; addr, local, , mainmsx1, , inlin.asm:159
inlin_clear                     = $140C ; addr, local, , mainmsx1, , inlin.asm:165
inlin_wfwd                      = $140D ; addr, local, , mainmsx1, , inlin.asm:169
inlin_bs                        = $140E ; addr, local, , mainmsx1, , inlin.asm:173
inlin_end                       = $142F ; addr, local, , mainmsx1, , inlin.asm:197
inlin_ins                       = $1435 ; addr, local, , mainmsx1, , inlin.asm:204
inlin_clrlin                    = $1436 ; addr, local, , mainmsx1, , inlin.asm:208
inlin_esc                       = $1437 ; addr, local, , mainmsx1, , inlin.asm:212
BREAKFLAG                       = $247C ; addr, local, , mainmsx1, , main.asm:2496
BREAKX_1                        = $1482 ; addr, local, , mainmsx1, , main.asm:1376
BREAKX_0                        = $1480 ; addr, local, , mainmsx1, , main.asm:1373
iscntc_text                     = $1491 ; addr, local, , mainmsx1, , main.asm:1400
beep_text                       = $14A3 ; addr, local, , mainmsx1, , main.asm:1424
fnksb_text                      = $14B4 ; addr, local, , mainmsx1, , main.asm:1453
erafnk_text                     = $14C2 ; addr, local, , mainmsx1, , main.asm:1471
dspfnk_text                     = $14D1 ; addr, local, , mainmsx1, , main.asm:1489
tapion_text                     = $14F4 ; addr, local, , mainmsx1, , main.asm:1523
tapin_text                      = $1504 ; addr, local, , mainmsx1, , main.asm:1542
tapiof_text                     = $1512 ; addr, local, , mainmsx1, , main.asm:1557
tapoon_text                     = $1522 ; addr, local, , mainmsx1, , main.asm:1577
tapout_text                     = $1532 ; addr, local, , mainmsx1, , main.asm:1597
tapoof_text                     = $1541 ; addr, local, , mainmsx1, , main.asm:1612
stmotr_inv                      = $155B ; addr, local, , mainmsx1, , main.asm:1636
stmotr_set                      = $155D ; addr, local, , mainmsx1, , main.asm:1638
chgsnd_write                    = $158E ; addr, local, , mainmsx1, , main.asm:1698
joy_stc1                        = $15D1 ; addr, local, , mainmsx1, , main.asm:1816
key_in                          = $1790 ; addr, local, , mainmsx1, , main.asm:2288
RETROBREW_KB_STICK_CACHE        = $165E ; addr, local, , mainmsx1, , main.asm:1910
GSTICK_RETROBREW_END            = $15C4 ; addr, local, , mainmsx1, , main.asm:1804
joypos_kbd_tbl                  = $1608 ; addr, local, , mainmsx1, , main.asm:1863
sel_stc1                        = $15DC ; addr, local, , mainmsx1, , main.asm:1831
N8_STKREAD                      = $15DE ; addr, local, , mainmsx1, , main.asm:1833
joypos_joy_tbl                  = $15F8 ; addr, local, , mainmsx1, , main.asm:1857
joy_end                         = $15F3 ; addr, local, , mainmsx1, , main.asm:1851
RETROBREW_KB_STICK              = $1618 ; addr, local, , mainmsx1, , main.asm:1870
RETROBREW_KB_STICK_END          = $165D ; addr, local, , mainmsx1, , main.asm:1908
RETROBREW_KB_STICK_R            = $163D ; addr, local, , mainmsx1, , main.asm:1886
RETROBREW_KB_STICK_D            = $1643 ; addr, local, , mainmsx1, , main.asm:1890
RETROBREW_KB_STICK_U            = $1649 ; addr, local, , mainmsx1, , main.asm:1894
RETROBREW_KB_STICK_L            = $164F ; addr, local, , mainmsx1, , main.asm:1898
RETROBREW_KB_STICK_B            = $1655 ; addr, local, , mainmsx1, , main.asm:1902
RETROBREW_KB_STICK_NONE         = $165B ; addr, local, , mainmsx1, , main.asm:1906
gttrig_space                    = $1666 ; addr, local, , mainmsx1, , main.asm:1931
joy_trig                        = $167D ; addr, local, , mainmsx1, , main.asm:1949
ELSE                            = $167A ; addr, local, , mainmsx1, , main.asm:1943
sel_trig1                       = $168B ; addr, local, , mainmsx1, , main.asm:1960
N8_TRGREAD                      = $168D ; addr, local, , mainmsx1, , main.asm:1962
istrg_a                         = $16A0 ; addr, local, , mainmsx1, , main.asm:1975
trig_on                         = $16A8 ; addr, local, , mainmsx1, , main.asm:1982
trig_off                        = $16AB ; addr, local, , mainmsx1, , main.asm:1985
gtpad_text                      = $16B6 ; addr, local, , mainmsx1, , main.asm:2006
gtpdl_text                      = $16C4 ; addr, local, , mainmsx1, , main.asm:2024
calc_queue_address              = $16FA ; addr, local, , mainmsx1, , main.asm:2092
outdlp_text                     = $1710 ; addr, local, , mainmsx1, , main.asm:2133
getvc2_a                        = $171E ; addr, local, , mainmsx1, , main.asm:2159
getvc2_loop                     = $1728 ; addr, local, , mainmsx1, , main.asm:2166
getvc2_exit                     = $172F ; addr, local, , mainmsx1, , main.asm:2172
int_end                         = $177B ; addr, local, , mainmsx1, , main.asm:2264
RETROBREW_KEY_END               = $17B1 ; addr, local, , mainmsx1, , main.asm:2309
KEY_IN1                         = $17AD ; addr, local, , mainmsx1, , main.asm:2305
KEY_IN2                         = $17B0 ; addr, local, , mainmsx1, , main.asm:2307
key_put_into_buf                = $17B2 ; addr, local, , mainmsx1, , main.asm:2314
key_store_nowrap                = $17BF ; addr, local, , mainmsx1, , main.asm:2328
subrom                          = $17CB ; addr, local, , mainmsx1, , main.asm:2350
stack_error                     = $17D1 ; addr, local, , mainmsx1, , main.asm:2374
str_stack_error                 = $244F ; addr, local, , mainmsx1, , main.asm:2482
print_error                     = $17EE ; addr, local, , mainmsx1, , main.asm:2401
calbas_text                     = $17E7 ; addr, local, , mainmsx1, , main.asm:2394
str_no_basic_intr               = $2434 ; addr, local, , mainmsx1, , main.asm:2479
vdp_bios                        = $2470 ; addr, local, , mainmsx1, , main.asm:2488
lp_clearmem                     = $17FC ; addr, local, , mainmsx1, , main.asm:2409
lp_fontset                      = $180A ; addr, local, , mainmsx1, , main.asm:2419
str_error_prompt                = $242D ; addr, local, , mainmsx1, , main.asm:2476
lp_errprn                       = $181F ; addr, local, , mainmsx1, , main.asm:2437
lp_strprn                       = $1827 ; addr, local, , mainmsx1, , main.asm:2445
CART_SLOT_1_ADDR_HI             = $0010 ; const, local, , mainmsx1, , slot.asm:1
CART_SLOT_1_ADDR_LO             = $0011 ; const, local, , mainmsx1, , slot.asm:2
CART_SLOT_1_ADDR_CONT           = $0012 ; const, local, , mainmsx1, , slot.asm:3
CART_SLOT_1_ADDR_READ           = $0013 ; const, local, , mainmsx1, , slot.asm:4
RDSLTEXIT                       = $23F5 ; addr, local, , mainmsx1, , slot.asm:46
RDSLTNOTP1                      = $23E1 ; addr, local, , mainmsx1, , slot.asm:35
RDSLTEXIT2                      = $23F8 ; addr, local, , mainmsx1, , slot.asm:50
RDSLTEXIT1                      = $23F6 ; addr, local, , mainmsx1, , slot.asm:48
rdsft                           = $23FC ; addr, local, , mainmsx1, , slot.asm:57
rdsft_lp                        = $23FF ; addr, local, , mainmsx1, , slot.asm:61
__head                          = $0000 ; const, public, def, , ,
__tail                          = $4000 ; const, public, def, , ,
__size                          = $4000 ; const, public, def, , ,
