ENDT                            = $0000 ; const, local, , rommon, , rommon.asm:23
CR                              = $000D ; const, local, , rommon, , rommon.asm:24
LF                              = $000A ; const, local, , rommon, , rommon.asm:25
ESC                             = $001B ; const, local, , rommon, , rommon.asm:26
UART0                           = $0058 ; const, local, , rommon, , rommon.asm:29
UART5                           = $005D ; const, local, , rommon, , rommon.asm:34
BANKC0                          = $0053 ; const, local, , rommon, , rommon.asm:42
DOTINYMON                       = $8004 ; addr, local, , rommon, , rommon.asm:60
TXT_IDENT                       = $8266 ; addr, local, , rommon, , rommon.asm:661
prn_text                        = $8092 ; addr, local, , rommon, , rommon.asm:177
TXT_READY                       = $8284 ; addr, local, , rommon, , rommon.asm:664
MONITORCMDLOOP                  = $8013 ; addr, local, , rommon, , rommon.asm:90
CRLFA                           = $8147 ; addr, local, , rommon, , rommon.asm:368
MONGETLN                        = $8066 ; addr, local, , rommon, , rommon.asm:144
MONRUN                          = $8150 ; addr, local, , rommon, , rommon.asm:382
PROGRM                          = $8155 ; addr, local, , rommon, , rommon.asm:393
MONPOUT                         = $8129 ; addr, local, , rommon, , rommon.asm:333
PIN                             = $8137 ; addr, local, , rommon, , rommon.asm:350
DUMP                            = $8186 ; addr, local, , rommon, , rommon.asm:435
MOVE                            = $81E2 ; addr, local, , rommon, , rommon.asm:512
FILL                            = $8223 ; addr, local, , rommon, , rommon.asm:575
ENABLE                          = $805E ; addr, local, , rommon, , rommon.asm:128
DISABLE                         = $8062 ; addr, local, , rommon, , rommon.asm:131
BANK                            = $8055 ; addr, local, , rommon, , rommon.asm:122
TXT_COMMAND                     = $8296 ; addr, local, , rommon, , rommon.asm:668
IN_BUFFER                       = $82A9 ; addr, local, , rommon, , rommon.asm:673
MONGETLN_L                      = $806D ; addr, local, , rommon, , rommon.asm:149
getch                           = $8086 ; addr, local, , rommon, , rommon.asm:167
MONGETLN_X                      = $807D ; addr, local, , rommon, , rommon.asm:158
TX_BUSYLP                       = $8093 ; addr, local, , rommon, , rommon.asm:179
prn_text_exit                   = $80A6 ; addr, local, , rommon, , rommon.asm:190
prnchar                         = $80A8 ; addr, local, , rommon, , rommon.asm:195
TX_BUSYLP1                      = $80A9 ; addr, local, , rommon, , rommon.asm:197
CRLF                            = $80B4 ; addr, local, , rommon, , rommon.asm:212
TCRLF                           = $825F ; addr, local, , rommon, , rommon.asm:655
LDHL                            = $80BD ; addr, local, , rommon, , rommon.asm:225
HEXIN                           = $80C9 ; addr, local, , rommon, , rommon.asm:241
NIBL                            = $80DC ; addr, local, , rommon, , rommon.asm:253
ALPH                            = $80E5 ; addr, local, , rommon, , rommon.asm:260
HXOUT                           = $80EA ; addr, local, , rommon, , rommon.asm:273
OUT1                            = $80FF ; addr, local, , rommon, , rommon.asm:286
OUT2                            = $810D ; addr, local, , rommon, , rommon.asm:294
SPACE                           = $8113 ; addr, local, , rommon, , rommon.asm:306
PRINTHL                         = $811B ; addr, local, , rommon, , rommon.asm:318
POUT1                           = $8129 ; addr, local, , rommon, , rommon.asm:334
OUTIT                           = $8132 ; addr, local, , rommon, , rommon.asm:340
PROMPT                          = $8262 ; addr, local, , rommon, , rommon.asm:658
PROGRMLP                        = $8162 ; addr, local, , rommon, , rommon.asm:405
PROGRMEXIT                      = $8183 ; addr, local, , rommon, , rommon.asm:421
GDATA                           = $819A ; addr, local, , rommon, , rommon.asm:452
BLKRD                           = $819D ; addr, local, , rommon, , rommon.asm:454
NXTONE                          = $81A3 ; addr, local, , rommon, , rommon.asm:458
UPDH                            = $81BA ; addr, local, , rommon, , rommon.asm:471
PCRLF                           = $81BE ; addr, local, , rommon, , rommon.asm:476
PCRLF0                          = $81C4 ; addr, local, , rommon, , rommon.asm:480
PDOT                            = $81CC ; addr, local, , rommon, , rommon.asm:486
UPDH1                           = $81D9 ; addr, local, , rommon, , rommon.asm:497
CONTD                           = $81DC ; addr, local, , rommon, , rommon.asm:500
MOVE_LOOP                       = $8218 ; addr, local, , rommon, , rommon.asm:559
FILL_LOOP                       = $8249 ; addr, local, , rommon, , rommon.asm:612
FILL_MEM                        = $8257 ; addr, local, , rommon, , rommon.asm:638
__head                          = $8000 ; const, public, def, , ,
__tail                          = $8309 ; const, public, def, , ,
__size                          = $0309 ; const, public, def, , ,
